
C:\Users\IOT_RESEARCH\Documents\aws\ajiet2_microdegree>git branch
* main

C:\Users\IOT_RESEARCH\Documents\aws\ajiet2_microdegree>git branch sub1

C:\Users\IOT_RESEARCH\Documents\aws\ajiet2_microdegree>git branch
* main
  sub1

C:\Users\IOT_RESEARCH\Documents\aws\ajiet2_microdegree>git checkout -b sub1
fatal: a branch named 'sub1' already exists

C:\Users\IOT_RESEARCH\Documents\aws\ajiet2_microdegree>git branch -d sub1
Deleted branch sub1 (was a7c0249).
****************************************************************************

C:\Users\IOT_RESEARCH\Documents\aws\ajiet2_microdegree>git checkout -b sub1
Switched to a new branch 'sub1'

C:\Users\IOT_RESEARCH\Documents\aws\ajiet2_microdegree>git status
On branch sub1
Changes not staged for commit:
  (use "git add/rm <file>..." to update what will be committed)
  (use "git restore <file>..." to discard changes in working directory)
        deleted:    New Text Document.txt
        modified:   devops.txt

Untracked files:
  (use "git add <file>..." to include in what will be committed)
        sub1.txt

no changes added to commit (use "git add" and/or "git commit -a")

C:\Users\IOT_RESEARCH\Documents\aws\ajiet2_microdegree>git add --all

C:\Users\IOT_RESEARCH\Documents\aws\ajiet2_microdegree>git status
On branch sub1
Changes to be committed:
  (use "git restore --staged <file>..." to unstage)
        modified:   devops.txt
        renamed:    New Text Document.txt -> sub1.txt


C:\Users\IOT_RESEARCH\Documents\aws\ajiet2_microdegree>git commit -m "commit to sub1"
[sub1 ca7ca9c] commit to sub1
 2 files changed, 38 insertions(+)
 rename New Text Document.txt => sub1.txt (100%)

C:\Users\IOT_RESEARCH\Documents\aws\ajiet2_microdegree>git status
On branch sub1
nothing to commit, working tree clean

C:\Users\IOT_RESEARCH\Documents\aws\ajiet2_microdegree>git push
fatal: The current branch sub1 has no upstream branch.
To push the current branch and set the remote as upstream, use

    git push --set-upstream origin sub1

To have this happen automatically for branches without a tracking
upstream, see 'push.autoSetupRemote' in 'git help config'.


C:\Users\IOT_RESEARCH\Documents\aws\ajiet2_microdegree> git push --set-upstream origin sub1
Enumerating objects: 5, done.
Counting objects: 100% (5/5), done.
Delta compression using up to 4 threads
Compressing objects: 100% (3/3), done.
Writing objects: 100% (3/3), 715 bytes | 715.00 KiB/s, done.
Total 3 (delta 1), reused 0 (delta 0), pack-reused 0
remote: Resolving deltas: 100% (1/1), completed with 1 local object.
remote:
remote: Create a pull request for 'sub1' on GitHub by visiting:
remote:      https://github.com/geethagrs/ajiet2_microdegree/pull/new/sub1
remote:
To https://github.com/geethagrs/ajiet2_microdegree.git
 * [new branch]      sub1 -> sub1
branch 'sub1' set up to track 'origin/sub1'.

**********************************************************************************************
C:\Users\IOT_RESEARCH\Documents\aws\ajiet2_microdegree>git branch sub1

C:\Users\IOT_RESEARCH\Documents\aws\ajiet2_microdegree>git checkout sub1
Switched to a new branch 'sub1'

C:\Users\IOT_RESEARCH\Documents\aws\ajiet2_microdegree>git branch
  main
* sub1

C:\Users\IOT_RESEARCH\Documents\aws\ajiet2_microdegree>git push
Enumerating objects: 20, done.
Counting objects: 100% (20/20), done.
Delta compression using up to 4 threads
Compressing objects: 100% (19/19), done.
Writing objects: 100% (20/20), 8.03 KiB | 2.68 MiB/s, done.
Total 20 (delta 8), reused 3 (delta 0), pack-reused 0
remote: Resolving deltas: 100% (8/8), done.
remote:
remote: Create a pull request for 'sub1' on GitHub by visiting:
remote:      https://github.com/geethagrs/ajiet2_microdegree/pull/new/sub1
remote:
To https://github.com/geethagrs/ajiet2_microdegree.git
 * [new branch]      sub1 -> sub1

C:\Users\IOT_RESEARCH\Documents\aws\ajiet2_microdegree>git status
On branch sub1
Your branch is up to date with 'origin/sub1'.

Changes not staged for commit:
  (use "git add <file>..." to update what will be committed)
  (use "git restore <file>..." to discard changes in working directory)
        modified:   sub1.txt

no changes added to commit (use "git add" and/or "git commit -a")

C:\Users\IOT_RESEARCH\Documents\aws\ajiet2_microdegree>git add --all

C:\Users\IOT_RESEARCH\Documents\aws\ajiet2_microdegree>git status
On branch sub1
Your branch is up to date with 'origin/sub1'.

Changes to be committed:
  (use "git restore --staged <file>..." to unstage)
        modified:   sub1.txt


C:\Users\IOT_RESEARCH\Documents\aws\ajiet2_microdegree>git push
Everything up-to-date

C:\Users\IOT_RESEARCH\Documents\aws\ajiet2_microdegree>git status
On branch sub1
Your branch is up to date with 'origin/sub1'.

Changes to be committed:
  (use "git restore --staged <file>..." to unstage)
        modified:   sub1.txt


C:\Users\IOT_RESEARCH\Documents\aws\ajiet2_microdegree>git commit -m "commit to subbranch1"
[sub1 1b1517a] commit to subbranch1
 1 file changed, 80 insertions(+)

C:\Users\IOT_RESEARCH\Documents\aws\ajiet2_microdegree>git push
Enumerating objects: 5, done.
Counting objects: 100% (5/5), done.
Delta compression using up to 4 threads
Compressing objects: 100% (3/3), done.
Writing objects: 100% (3/3), 1.16 KiB | 1.16 MiB/s, done.
Total 3 (delta 1), reused 0 (delta 0), pack-reused 0
remote: Resolving deltas: 100% (1/1), completed with 1 local object.
To https://github.com/geethagrs/ajiet2_microdegree.git
   ca7ca9c..1b1517a  sub1 -> sub1

C:\Users\IOT_RESEARCH\Documents\aws\ajiet2_microdegree>git status
On branch sub1
Your branch is up to date with 'origin/sub1'.

nothing to commit, working tree clean


C:\Users\IOT_RESEARCH\Documents\aws\ajiet2_microdegree>git checkout main
Switched to branch 'main'
Your branch is behind 'origin/main' by 3 commits, and can be fast-forwarded.
  (use "git pull" to update your local branch)

C:\Users\IOT_RESEARCH\Documents\aws\ajiet2_microdegree>git branch
* main
  sub1
*******************************************************************************************

C:\Users\IOT_RESEARCH\Documents\aws\ajiet2_microdegree>git checkout sub1
Switched to branch 'sub1'
Your branch is up to date with 'origin/sub1'.

C:\Users\IOT_RESEARCH\Documents\aws\ajiet2_microdegree>git rm -r devops.txt
rm 'devops.txt'

C:\Users\IOT_RESEARCH\Documents\aws\ajiet2_microdegree>git status
On branch sub1
Your branch is up to date with 'origin/sub1'.

Changes to be committed:
  (use "git restore --staged <file>..." to unstage)
        deleted:    devops.txt
//update deleted files in cloud repository

C:\Users\IOT_RESEARCH\Documents\aws\ajiet2_microdegree>git add --all

C:\Users\IOT_RESEARCH\Documents\aws\ajiet2_microdegree>git commit -m "commit all"
[sub1 bbe9baf] commit all
 1 file changed, 107 insertions(+), 1 deletion(-)

C:\Users\IOT_RESEARCH\Documents\aws\ajiet2_microdegree>git status
On branch sub1
Your branch is ahead of 'origin/sub1' by 2 commits.
  (use "git push" to publish your local commits)

nothing to commit, working tree clean

C:\Users\IOT_RESEARCH\Documents\aws\ajiet2_microdegree>git push
Enumerating objects: 7, done.
Counting objects: 100% (7/7), done.
Delta compression using up to 4 threads
Compressing objects: 100% (5/5), done.
Writing objects: 100% (5/5), 1.70 KiB | 1.71 MiB/s, done.
Total 5 (delta 1), reused 0 (delta 0), pack-reused 0
remote: Resolving deltas: 100% (1/1), completed with 1 local object.
To https://github.com/geethagrs/ajiet2_microdegree.git
   1b1517a..bbe9baf  sub1 -> sub1

C:\Users\IOT_RESEARCH\Documents\aws\ajiet2_microdegree>git branch
  main
* sub1

C:\Users\IOT_RESEARCH\Documents\aws\ajiet2_microdegree>git checkout main
Switched to branch 'main'
Your branch is behind 'origin/main' by 3 commits, and can be fast-forwarded.
  (use "git pull" to update your local branch)


